
  [39;41;1m FAIL [39;49;22m[39m Tests\Feature\LiveChatTest[39m
  [32;1m✓[39;22m[90m [39m[90mit can ch[39m[90m…[39m [90m6.10s[39m  
  [32;1m✓[39;22m[90m [39m[90mit return[39m[90m…[39m [90m0.13s[39m  
  [32;1m✓[39;22m[90m [39m[90mit can st[39m[90m…[39m [90m0.27s[39m  
  [32;1m✓[39;22m[90m [39m[90mit queues[39m[90m…[39m [90m0.14s[39m  
  [32;1m✓[39;22m[90m [39m[90mit can se[39m[90m…[39m [90m0.13s[39m  
  [31;1m⨯[39;22m[90m [39m[90mit admin[39m[90m… [39m [90m0.14s[39m  
  [31;1m⨯[39;22m[90m [39m[90mit admin[39m[90m… [39m [90m0.08s[39m  
  [31;1m⨯[39;22m[90m [39m[90mit auto-p[39m[90m…[39m [90m0.10s[39m  
  [32;1m✓[39;22m[90m [39m[90mit allows[39m[90m…[39m [90m0.16s[39m  
  [31m──────────────────[39m  
  … [41;1m QueryException [49;22m  
[39;1m  SQLSTATE[42S22]: Column not found: 1054 Unknown column 'username' in 'where clause' (Connection: mysql, SQL: select * from `users` where (`username` = RevandAdmin33) limit 1)[39;22m

  at [32mvendor\laravel\framework\src\Illuminate\Database\Connection.php[39m:[32m406[39m
    402▕             // For select statements, we'll simply execute the query and return an array
    403▕             // of the database result set. Each element in the array will be a single
    404▕             // row from the database table, and will either be an array or objects.
    405▕             $statement = $this->prepared(
  ➜ 406▕                 $this->getPdoForSelect($useReadPdo)->prepare($query)
    407▕             );
    408▕ 
    409▕             $this->bindValues($statement, $this->prepareBindings($bindings));
    410▕

  [33m1   [39m[39;1mvendor\laravel\framework\src\Illuminate\Database\Connection.php[39;22m:[39;1m406[39;22m
  [33m2   [39m[39;1mvendor\laravel\framework\src\Illuminate\Database\Connection.php[39;22m:[39;1m811[39;22m

  [31m──────────────────[39m  
  … [41;1m QueryException [49;22m  
[39;1m  SQLSTATE[42S22]: Column not found: 1054 Unknown column 'username' in 'where clause' (Connection: mysql, SQL: select * from `users` where (`username` = RevandAdmin33) limit 1)[39;22m

  at [32mvendor\laravel\framework\src\Illuminate\Database\Connection.php[39m:[32m406[39m
    402▕             // For select statements, we'll simply execute the query and return an array
    403▕             // of the database result set. Each element in the array will be a single
    404▕             // row from the database table, and will either be an array or objects.
    405▕             $statement = $this->prepared(
  ➜ 406▕                 $this->getPdoForSelect($useReadPdo)->prepare($query)
    407▕             );
    408▕ 
    409▕             $this->bindValues($statement, $this->prepareBindings($bindings));
    410▕

  [33m1   [39m[39;1mvendor\laravel\framework\src\Illuminate\Database\Connection.php[39;22m:[39;1m406[39;22m
  [33m2   [39m[39;1mvendor\laravel\framework\src\Illuminate\Database\Connection.php[39;22m:[39;1m811[39;22m

  [31m──────────────────[39m  
  … [41;1m QueryException [49;22m  
[39;1m  SQLSTATE[42S22]: Column not found: 1054 Unknown column 'username' in 'where clause' (Connection: mysql, SQL: select * from `users` where (`username` = RevandAdmin33) limit 1)[39;22m

  at [32mvendor\laravel\framework\src\Illuminate\Database\Connection.php[39m:[32m406[39m
    402▕             // For select statements, we'll simply execute the query and return an array
    403▕             // of the database result set. Each element in the array will be a single
    404▕             // row from the database table, and will either be an array or objects.
    405▕             $statement = $this->prepared(
  ➜ 406▕                 $this->getPdoForSelect($useReadPdo)->prepare($query)
    407▕             );
    408▕ 
    409▕             $this->bindValues($statement, $this->prepareBindings($bindings));
    410▕

  [33m1   [39m[39;1mvendor\laravel\framework\src\Illuminate\Database\Connection.php[39;22m:[39;1m406[39;22m
  [33m2   [39m[39;1mvendor\laravel\framework\src\Illuminate\Database\Connection.php[39;22m:[39;1m811[39;22m


  [90mTests:[39m    [31;1m3 failed[39;22m[90m,[39m[39m [39m[32;1m6 passed[39;22m[90m (21 assertions)[39m
  [90mDuration:[39m [39m8.61s[39m

